// Jest Snapshot v1, https://goo.gl/fbAQLP

exports[`UI - LoaderWrapper: 1`] = `
.c0 {
  display: -webkit-box;
  display: -webkit-flex;
  display: -ms-flexbox;
  display: flex;
  -webkit-align-items: center;
  -webkit-box-align: center;
  -ms-flex-align: center;
  align-items: center;
  -webkit-box-pack: center;
  -webkit-justify-content: center;
  -ms-flex-pack: center;
  justify-content: center;
  width: 100%;
  min-height: calc(100vh - 58px);
}

<div
  className="c0"
/>
`;
