// Jest Snapshot v1, https://goo.gl/fbAQLP

exports[`App renders correctly 1`] = `
ShallowWrapper {
  "length": 1,
  Symbol(enzyme.__root__): [Circular],
  Symbol(enzyme.__unrendered__): <App />,
  Symbol(enzyme.__renderer__): Object {
    "batchedUpdates": [Function],
    "getNode": [Function],
    "render": [Function],
    "simulateEvent": [Function],
    "unmount": [Function],
  },
  Symbol(enzyme.__node__): Object {
    "instance": null,
    "key": undefined,
    "nodeType": "function",
    "props": Object {
      "children": Array [
        <styled.header>
          <styled.h1>
                    Sainsbury's
          </styled.h1>
</styled.header>,
        <styled.div>
          <Loader
                    color="#f90"
                    height="40"
                    type="TailSpin"
                    visible={true}
                    width="40"
          />
</styled.div>,
        false,
        <styled.main />,
      ],
    },
    "ref": null,
    "rendered": Array [
      Object {
        "instance": null,
        "key": undefined,
        "nodeType": "class",
        "props": Object {
          "children": <styled.h1>
            Sainsbury's
</styled.h1>,
        },
        "ref": null,
        "rendered": Object {
          "instance": null,
          "key": undefined,
          "nodeType": "class",
          "props": Object {
            "children": "Sainsbury's",
          },
          "ref": null,
          "rendered": "Sainsbury's",
          "type": [Function],
        },
        "type": [Function],
      },
      Object {
        "instance": null,
        "key": undefined,
        "nodeType": "class",
        "props": Object {
          "children": <Loader
            color="#f90"
            height="40"
            type="TailSpin"
            visible={true}
            width="40"
/>,
        },
        "ref": null,
        "rendered": Object {
          "instance": null,
          "key": undefined,
          "nodeType": "class",
          "props": Object {
            "color": "#f90",
            "height": "40",
            "type": "TailSpin",
            "visible": true,
            "width": "40",
          },
          "ref": null,
          "rendered": null,
          "type": [Function],
        },
        "type": [Function],
      },
      false,
      Object {
        "instance": null,
        "key": undefined,
        "nodeType": "class",
        "props": Object {
          "children": "",
        },
        "ref": null,
        "rendered": "",
        "type": [Function],
      },
    ],
    "type": Symbol(react.fragment),
  },
  Symbol(enzyme.__nodes__): Array [
    Object {
      "instance": null,
      "key": undefined,
      "nodeType": "function",
      "props": Object {
        "children": Array [
          <styled.header>
            <styled.h1>
                        Sainsbury's
            </styled.h1>
</styled.header>,
          <styled.div>
            <Loader
                        color="#f90"
                        height="40"
                        type="TailSpin"
                        visible={true}
                        width="40"
            />
</styled.div>,
          false,
          <styled.main />,
        ],
      },
      "ref": null,
      "rendered": Array [
        Object {
          "instance": null,
          "key": undefined,
          "nodeType": "class",
          "props": Object {
            "children": <styled.h1>
              Sainsbury's
</styled.h1>,
          },
          "ref": null,
          "rendered": Object {
            "instance": null,
            "key": undefined,
            "nodeType": "class",
            "props": Object {
              "children": "Sainsbury's",
            },
            "ref": null,
            "rendered": "Sainsbury's",
            "type": [Function],
          },
          "type": [Function],
        },
        Object {
          "instance": null,
          "key": undefined,
          "nodeType": "class",
          "props": Object {
            "children": <Loader
              color="#f90"
              height="40"
              type="TailSpin"
              visible={true}
              width="40"
/>,
          },
          "ref": null,
          "rendered": Object {
            "instance": null,
            "key": undefined,
            "nodeType": "class",
            "props": Object {
              "color": "#f90",
              "height": "40",
              "type": "TailSpin",
              "visible": true,
              "width": "40",
            },
            "ref": null,
            "rendered": null,
            "type": [Function],
          },
          "type": [Function],
        },
        false,
        Object {
          "instance": null,
          "key": undefined,
          "nodeType": "class",
          "props": Object {
            "children": "",
          },
          "ref": null,
          "rendered": "",
          "type": [Function],
        },
      ],
      "type": Symbol(react.fragment),
    },
  ],
  Symbol(enzyme.__options__): Object {
    "adapter": ReactSixteenAdapter {
      "options": Object {
        "enableComponentDidUpdateOnSetState": true,
      },
    },
  },
}
`;
